00 00 00 00 00 00 00 00 00 00 00 00 00 00 00 00 00 00 00 00 00 00 00 00 00 00 00 00 00 00 00 00 00 00 00 00 00 00 00 00 00 00 00 00 00 00 00 00 00 00 00 00 00 00 00 00 00 00 00 00 00 00 00 00 00 00 00 00 00 00 00 00 00 00 00 00 00 00 00 00 00 00 00 00 00 00 00 00 00 00 00 00 00 00 00 00 00 00 00 00 
00 00 00 00 00 00 00 00 00 00 00 00 00 00 00 00 00 00 00 00 00 00 00 00 00 00 00 00 00 00 00 00 00 00 00 00 00 00 00 00 00 00 00 00 00 00 00 00 00 00 00 00 00 00 00 00 00 00 00 00 00 00 00 00 00 00 00 00 00 00 00 00 00 00 00 00 00 00 00 00 00 00 00 00 00 00 00 00 00 00 00 00 00 00 00 00 00 00 00 00 
00 00 00 00 00 00 00 00 00 00 00 00 00 00 00 00 00 00 00 00 00 00 00 00 00 00 00 00 00 00 00 00 00 00 00 00 00 00 00 00 00 00 00 00 00 00 00 00 00 00 00 00 00 00 00 00 00 00 00 00 00 00 00 00 00 00 00 00 00 00 00 00 00 00 00 00 00 00 00 00 00 00 00 00 00 00 00 00 00 00 00 00 00 00 00 00 00 00 00 00 
00 00 00 00 00 00 1a 1a 00 51 51 51 00 00 00 00 00 00 5a 81 00 00 00 00 00 00 00 00 00 00 00 00 00 00 00 00 00 00 00 00 00 00 00 27 12 27 12 40 40 2e 2e 2e 2e 1d 5a 5a 74 74 5a 8e 8e a7 a7 a5 a7 6e 7a 5a 75 67 67 6a 6a 6a 6a 6a 75 77 73 73 68 77 77 77 a3 7a 7a 97 5b 86 86 52 75 5e 68 40 40 00 00 00 
00 00 00 00 00 00 0d 1a 00 51 51 0d 0d 0d 9b 81 81 9b 81 81 9b 40 40 00 00 00 00 00 00 00 00 00 00 00 00 00 00 00 00 00 00 00 00 0d 12 42 42 42 40 2e 2e 2e 2e 2e 40 9b 75 81 75 75 75 75 a8 a8 a8 a8 7a 5b 5b 67 67 5e 5e 62 62 6f 68 68 6f 68 6f 77 77 77 7a 86 b6 97 86 86 b6 6e 5e 5e 52 9b 4b 00 00 00 
00 00 00 12 00 00 0d 0d 0d 42 51 0d 0d 9d 9d 9d 81 9d 81 81 9b 40 40 00 00 00 00 00 00 00 00 00 00 00 00 00 00 00 00 00 00 00 00 29 1a 42 42 42 40 5b 68 77 90 90 9b 9b 9b 1d 27 1d 75 75 75 83 a9 a9 b6 b6 67 67 67 5e 5d 5d 6f 6f 73 68 68 9f 77 77 77 7a 90 90 b6 86 86 86 b6 a8 a8 5e 9b 9b a9 00 00 00 
00 00 00 00 00 56 56 27 56 56 51 7a b8 6e 9d 9d 81 9d a9 a9 9b 9b 9b 00 00 00 00 00 1a 1a 1a 1a 00 00 00 00 00 00 00 00 00 00 00 29 42 42 42 42 90 90 90 90 90 90 b8 b8 b8 b6 27 1d 27 4d 75 4d 9f 9f a9 b8 67 67 56 52 52 5e 62 73 73 6f 7a a9 a9 9f 77 9f 90 90 b8 b8 ac ac b6 b6 6a 5e 6a 5e 5e 00 00 00 
00 00 00 0d 0d 56 56 27 35 42 51 7a b8 a9 9d 9d 81 9d 81 81 29 9b 40 1a 00 1a 1a 1a 1a 1a 1a 1a 1a 00 00 00 00 00 00 00 00 00 00 29 42 42 42 90 90 90 90 90 90 90 b8 b8 b8 b8 27 1d 27 34 34 4e 83 9f 90 b8 67 67 56 56 52 5e 52 6e 7a 7a 7a a9 93 a9 7a 7a 85 b8 b6 b8 af ac b6 b6 9b a8 75 75 81 00 00 00 
00 00 00 1a 1a 56 27 27 27 42 51 5e 5e 5e b6 5e 00 00 1d 6a 00 4e 27 27 00 00 00 00 00 00 00 00 00 00 00 00 00 00 00 1a 1d 0d 0d 42 42 42 42 90 90 90 90 90 90 45 b8 b8 b8 b8 a9 9d 27 34 5b 83 5b 83 83 83 83 67 90 56 52 5e 5e 6e 6e 6e 7f 93 93 9f b5 b5 b5 b8 b8 9f ac b8 b6 a8 b4 b5 a7 9b 9b 00 00 00 
00 00 00 12 12 12 00 27 0d 0d 0d 42 0d 42 29 29 00 4e 0d 00 00 00 00 00 00 00 00 00 00 00 00 00 00 00 00 00 00 00 00 00 00 00 00 0d 12 1d 29 35 40 90 5b 77 90 90 b8 b8 b8 b8 a9 b8 b8 b8 83 83 5b 77 77 83 93 b8 ac b8 ac 5e 6e 6e 6e 83 65 5b a5 af 00 00 00 00 0d 1a 34 40 5a 81 74 81 8e 8e 8e 00 00 00 
00 00 00 0d 00 00 00 0d 00 0d 0d 0d 0d 0d 00 00 00 00 00 00 00 00 00 00 00 00 00 00 00 00 00 00 00 00 00 00 00 00 00 00 00 00 00 00 0d 1a 27 34 40 4d 5b 77 77 ac 8e ac b8 b8 b8 b8 b8 b8 6e 90 77 77 77 83 9f 9f 9f ac ac ac 6e 6e 83 65 40 f6 f6 1d 00 00 8e 8e 81 0d 1a 1a 4d 5a 67 74 81 8e 8e 00 00 00 
00 00 00 1d 56 6a 7a 7a 7a 7a 27 12 00 00 00 00 00 00 00 00 00 00 00 00 00 00 00 00 00 00 00 00 00 00 00 00 00 00 00 00 00 00 00 00 0d 1a 27 34 40 4d 5a 67 74 81 8e 89 b8 b8 6f 52 0d b8 90 90 90 90 90 b6 93 9f ac b8 ac ac b8 6e 81 1d 52 0d 0d 0d 00 00 4e 42 42 0d 27 34 40 4d 5a 74 81 81 00 00 00 00 
00 00 00 68 0d 6a 0d 0d 0d 00 00 00 00 00 00 00 00 00 00 00 00 00 00 00 00 00 00 00 00 00 00 00 00 00 00 00 00 00 00 00 00 00 00 00 0d 1a 27 34 40 4d 5a 67 74 81 8e 89 80 77 6f 5d 56 51 42 34 35 3a 9b 9b b5 9f 9f 8e ac ac 7f 7a 9b 2e 2e 00 00 00 00 00 00 00 0d 0d 27 40 40 4d 5a 74 00 00 00 00 00 00 
00 00 00 4b 56 12 12 00 00 00 00 00 00 00 00 00 00 00 00 00 00 00 00 00 00 00 00 00 00 00 00 00 00 00 00 00 00 00 00 00 00 00 00 00 0d 1a 27 34 40 4d 5a 67 74 81 8b 81 77 6d 65 5d 56 51 42 40 35 3a 37 5b 5b 77 81 8e 8e 89 6f 89 81 12 1d 00 00 00 00 00 00 00 0d 0d 0d 00 00 00 00 74 00 00 00 00 00 00 
00 00 00 68 1a 1a 00 00 00 00 00 00 00 00 00 00 00 00 00 00 00 00 00 00 00 00 00 00 00 0d 0d 0d 0d 0d 0d 0d 0d 0d 0d 81 81 81 81 81 81 81 81 81 8e 8e 8e 8e 8e 8e 8e b4 81 81 81 81 81 81 81 81 81 8e 81 81 81 81 81 81 81 80 6f 6f 24 12 00 00 00 00 00 00 00 00 00 00 00 00 00 00 00 00 00 00 00 00 00 00 
00 00 00 2e 00 00 00 00 00 00 00 00 00 00 00 00 00 00 00 00 00 00 00 00 00 00 00 00 00 0d 1a 1a 1a 1a 1a 1a 1a 1a 1a 75 81 81 81 81 81 81 81 81 81 81 81 81 81 81 81 81 81 81 81 81 81 81 81 81 81 81 81 81 81 81 81 81 93 65 5d 37 24 12 0d 00 0d 00 00 00 00 00 00 00 00 00 00 00 00 00 00 00 00 00 00 00 
00 00 00 0d 00 00 00 00 00 00 00 00 00 00 00 00 00 00 9d 6f 6f 6f 6f 7a 00 2e 12 00 00 0d 1a 27 27 27 27 27 27 27 27 77 81 81 81 81 81 81 81 81 81 81 81 81 81 81 81 81 81 81 81 81 81 81 81 81 81 81 81 81 81 81 81 81 89 3a 1d 0d 0d 00 0d 0d 0d 00 00 00 00 00 00 00 00 00 00 00 00 00 00 00 00 00 00 00 
00 00 00 0d 00 00 00 00 00 00 00 00 00 00 00 00 00 00 00 00 00 00 00 00 00 12 12 12 1d 0d 1a 27 34 34 34 34 34 34 34 7a 81 81 81 81 81 81 81 81 81 81 81 81 81 81 81 81 81 81 81 81 81 81 81 81 81 81 81 81 81 81 81 81 6d 6d 0d 0d 0d 0d 0d 0d 0d 0d 0d 0d 00 0d 00 00 00 00 0d 0d 0d 0d 0d 0d 0d 00 00 00 
00 00 00 0d 00 00 00 00 00 00 00 00 00 00 00 00 0d 00 00 00 00 00 00 00 00 12 12 12 1d 1d 1d 29 35 40 40 40 40 40 40 7f 81 81 81 81 81 81 81 81 81 81 81 81 81 81 81 81 81 81 81 81 81 81 81 81 81 81 81 81 81 81 35 0d 0d 0d 0d 0d 0d 0d 0d 0d 0d 0d 0d 0d 0d 0d 0d 0d 00 00 00 0d 00 00 00 00 00 00 00 00 
00 00 00 0d 00 00 00 00 00 00 00 00 00 00 00 00 0d 00 00 00 00 00 00 00 00 12 0d 1d 1d 1d 2e 86 86 86 86 86 86 4d 4d 86 81 81 81 81 81 81 81 81 81 81 81 81 81 81 81 81 81 81 81 81 81 81 81 81 81 81 81 81 81 9d 00 0d 0d 0d 0d 0d 0d 0d 0d 0d 0d 0d 0d 0d 0d 0d 00 00 00 00 00 00 00 00 00 00 00 00 00 00 
00 00 00 a9 bc bc bc bc bc bc bc 00 00 00 00 00 00 00 00 00 00 00 00 00 00 00 00 00 00 00 93 93 93 93 93 93 77 77 a3 86 81 81 81 81 81 81 81 81 81 81 81 81 81 81 81 81 81 81 81 81 81 81 81 81 81 81 81 81 a3 0d 0d 00 00 00 0d 0d 0d 00 0d 0d 0d 0d 0d 0d 0d 0d 00 00 00 00 00 00 00 00 00 00 00 00 00 00 
00 00 00 0d 00 5b 0d 0d 0d bc bc 0d 74 74 74 74 74 00 00 00 00 00 00 00 00 00 00 00 00 00 93 93 93 93 93 93 93 93 93 be 81 81 81 81 81 81 81 81 81 81 81 81 81 81 81 81 81 81 81 81 81 81 81 81 81 81 81 81 a3 a7 0d 00 0d 0d 0d 0d 00 00 0d 0d 0d 0d 0d 0d 0d 0d 00 00 00 00 00 00 00 00 00 00 00 00 00 00 
00 00 00 0d 68 68 68 0d 0d 0d 0d 67 74 74 74 74 81 00 00 00 00 00 00 00 00 00 0d 00 00 00 a7 93 93 93 93 93 9f af bc 9f 90 8e 8e 8e 8e 81 81 81 81 81 81 81 81 81 81 81 81 81 81 81 81 81 81 81 81 81 81 8e a3 0d 0d 0d 0d 0d 0d 00 00 00 0d 0d 0d 0d 0d 0d 0d 0d 00 00 00 00 00 00 00 00 00 00 00 00 00 00 
00 00 00 0d 68 68 68 0d 0d 0d 0d 67 74 74 74 74 81 00 00 00 00 00 00 00 00 00 00 00 00 00 a7 b4 86 86 93 5a 9f af bc bc 8e 8e 8e 83 83 83 81 81 81 81 81 81 81 81 81 81 81 81 81 81 81 81 81 81 81 81 81 8e 97 00 00 00 0d 0d 0d 00 00 0d 0d 0d 0d 0d 0d 0d 0d 0d 0d 00 00 00 00 00 00 00 00 00 00 00 00 00 
00 00 00 0d 00 68 68 0d 0d 0d 0d 67 74 74 74 74 81 00 00 00 00 00 00 00 00 00 00 00 00 00 a7 b4 1d 86 93 5a 67 81 81 8e 8e 8e 8e 8e 8e 83 81 81 81 81 81 81 81 81 81 81 81 81 81 81 81 81 81 81 81 81 81 83 97 12 00 00 0d 0d 0d 0d 1a 1a 0d 0d 0d 00 00 00 00 00 00 00 00 00 00 00 00 00 00 00 00 00 00 00 
00 00 00 0d 00 68 68 0d 0d 0d 0d 67 74 74 74 74 81 00 00 00 00 00 00 00 00 00 00 00 00 00 9b 9b 9b 86 93 5a 67 81 81 8e 8e 8e 8e 8e 8e 8e 81 81 81 81 81 81 81 81 81 81 81 81 81 81 81 81 81 81 81 81 81 81 e5 e5 e5 12 0d 0d 0d 0d 0d 0d 00 00 00 00 00 00 00 00 00 00 00 00 00 00 00 00 00 00 00 00 00 00 
00 00 00 0d 68 5b 68 0d 0d 0d 0d 67 74 74 74 74 81 00 00 00 00 00 00 00 00 00 00 00 00 00 9b 9b 9b 9b 5b 5b 67 8e 8e 8e 8e 8e 8e 8e 8e 8e 81 81 81 81 81 81 81 81 81 81 81 81 81 81 81 81 81 81 81 81 81 81 de de de de 0d 0d 0d 00 00 00 00 00 00 00 00 00 00 00 00 00 00 00 00 00 00 00 00 00 00 00 00 00 
00 00 00 0d 68 5b 5b 0d 0d 0d 0d 67 74 74 74 74 81 00 00 00 00 00 00 00 00 0d 0d 0d 00 0d 9b 9b 9b 8e 5b 74 74 8e 8e 8e 8e 8e 81 81 81 83 81 81 81 81 81 81 81 81 81 81 81 81 81 81 81 81 81 81 81 81 81 81 d3 d3 d3 d3 0d 0d 00 00 00 00 00 00 00 00 00 00 00 00 00 00 00 00 00 00 00 00 00 00 00 00 00 00 
00 00 00 5b 5b 5b 5b 0d 0d 0d 1a 5a 67 67 74 74 b3 0d 0d 00 00 00 00 00 00 0d 0d 0d 00 12 1d 49 4b 56 5d 80 9b 8e 8e 8e 8e 8e 81 81 81 83 81 81 81 81 81 81 81 81 81 81 81 81 81 81 81 81 81 81 81 81 81 9d a5 a5 c9 a5 0d 0d 00 00 00 00 00 00 00 00 00 00 00 00 00 00 00 00 00 00 00 00 00 00 00 00 00 00 
00 00 00 4e 0d 5b 0d 0d 12 12 0d 0d 1a 00 00 00 00 00 0d 00 00 00 00 00 00 00 00 00 0d 0d 1d 29 4b 56 56 80 9b a4 ad ad ad ad ad ad ad 81 81 81 81 81 81 81 81 81 81 81 81 81 81 81 81 81 81 81 81 81 81 9d a5 a5 a5 a5 5a 0d 00 00 00 00 00 00 00 00 00 00 00 00 00 00 00 00 0d 00 00 00 00 00 00 00 00 00 
00 00 00 5b 5b 5b 0d 0d 0d 0d 0d 0d 00 00 00 00 00 00 00 00 00 00 00 00 00 00 00 0d 0d 0d 1d 29 4b 56 51 77 9b a4 ad ad ad ad ad ad ad 8b 81 81 81 81 81 81 81 81 81 81 81 81 81 81 81 81 81 81 81 81 81 9d 9d 9d 9d 9d 67 00 00 00 00 00 00 00 00 00 00 00 00 00 00 00 00 00 0d 1a 1a 00 00 00 00 00 00 00 
00 00 00 5b 5b 5b 5b 5b 0d 0d 12 0d 00 00 00 00 00 00 00 00 00 00 00 00 00 00 00 0d 00 0d 1a 29 35 51 4e 6f 92 a4 ad ad ad ad ad ad ad 86 81 81 81 81 81 81 81 81 81 81 81 81 81 81 81 81 81 81 81 81 81 96 96 96 9d 96 5a 00 00 00 00 00 00 00 00 00 00 00 00 00 00 00 00 00 0d 0d 1a 00 00 00 00 00 00 00 
00 00 00 4e 0d 5b 0d 0d 12 12 12 12 00 00 00 00 00 00 00 00 00 00 00 00 00 00 00 0d 00 0d 1a 27 34 4e 68 6f 89 9b ad ad a5 a5 a5 a5 86 81 81 81 81 81 81 81 81 81 81 81 81 81 81 81 81 81 81 81 81 81 81 90 96 96 96 96 4d 00 00 00 00 00 00 00 00 00 00 00 00 00 00 00 00 00 0d 0d 1a 00 00 00 00 00 00 00 
00 00 00 5e 0d 12 0d 0d 12 12 12 12 0d 00 00 00 00 00 00 00 00 00 00 00 00 00 00 0d 00 0d 1a 27 4b 56 68 6f 81 9b ad a5 9d 9d 9d 9d 86 81 81 81 81 81 81 81 81 81 81 81 81 81 81 81 81 81 81 81 81 81 81 86 86 8b 8b 8b 51 0d 00 00 0d 0d 00 00 00 00 00 00 00 00 00 00 00 12 12 6a 6a 00 00 00 00 00 00 00 
00 00 00 5e 0d 0d 0d 0d 0d 0d 12 12 0d 00 00 00 00 00 00 00 00 00 00 00 00 00 00 0d 00 0d 1d 29 52 9c 68 6f 7a 93 a5 ad 96 96 96 86 86 81 81 81 81 81 81 81 81 81 81 81 81 81 81 81 81 81 81 81 81 81 81 83 83 86 86 86 40 0d 0d 0d 0d 0d 00 00 00 00 00 00 00 00 00 00 00 0d 0d 1a 1a 00 00 00 00 00 00 00 
00 00 00 5e 62 0d 0d 0d 0d 0d 12 0d 0d 00 00 00 00 00 00 00 00 00 00 00 00 00 0d 0d 00 0d ad ad ad ad 68 68 73 93 a5 af 90 90 8b 86 86 81 81 81 81 81 81 81 81 81 81 81 81 81 81 81 81 81 81 81 81 81 81 81 81 83 83 83 34 0d 0d 0d 0d 0d 0d 00 00 00 00 00 00 00 00 00 00 12 12 1a 1a 00 00 00 00 00 00 00 
00 00 00 5e 62 1a 1a 0d 0d 0d 12 12 12 00 00 00 00 00 00 00 00 00 00 00 00 00 0d 0d 00 0d ad ad ad ad 68 6e 73 85 96 90 8b 8b 8b 86 86 81 81 81 81 81 81 81 81 81 81 81 81 81 81 81 81 81 81 81 81 81 81 81 81 81 81 81 1a 0d 0d 0d 0d 0d 0d 00 00 00 00 00 00 00 00 00 0d 1a 29 0d 1a 00 00 00 00 00 00 00 
00 00 00 5e 1a 1a 1a 0d 0d 0d 12 12 12 00 00 00 00 00 00 00 00 00 00 00 00 00 0d 00 00 0d ad ad ad ad ad 6a 6e 7f 90 8b 86 86 86 86 83 81 81 81 81 81 81 81 81 81 81 81 81 81 81 81 81 81 81 81 81 81 81 81 81 81 81 81 0d 0d 00 0d 0d 0d 00 00 00 00 00 00 00 00 00 00 0d 1a 1a 0d 1a 0d 00 00 00 00 00 00 
00 00 00 1a 1a 1a 1a 0d 0d 0d 12 12 12 00 00 00 00 00 00 00 00 00 00 00 00 00 0d 00 00 0d ad ad ad ad ad 6a 6e 7f 8b 8b 86 86 83 83 81 81 81 81 81 81 81 81 81 81 81 81 81 81 81 81 81 81 81 81 81 81 81 81 81 81 81 81 0d 0d 00 0d 12 0d 00 00 00 00 00 00 00 00 00 00 0d 1a 0d 0d 0d 1a 0d 0d 00 00 00 00 
00 00 00 29 1a 1a 1a 0d 0d 0d 12 12 12 00 00 00 00 00 00 00 00 00 00 00 00 0d 0d 00 00 0d 1a ad ad ad ad 68 6e 7a 86 86 83 83 83 81 81 81 81 81 81 81 81 81 81 81 81 81 81 81 81 81 81 81 81 81 81 81 81 86 83 83 86 86 0d 0d 0d 0d 12 00 00 00 00 00 00 00 00 00 00 00 0d 1a 0d 1a 1a 1a 1a 00 0d 00 00 00 
00 00 00 1d 1a 1a 1a 0d 0d 12 12 12 0d 00 00 00 00 00 00 00 00 00 00 00 00 0d 0d 0d 0d 12 1d ad ad ad 5b 68 6a 77 83 86 81 81 81 81 81 81 81 81 81 81 81 81 81 81 81 81 81 81 81 81 81 81 81 81 81 81 d6 8b 8b 8b 8b 8b 0d 0d 00 12 12 00 00 00 00 0d 00 00 00 00 00 00 1a 1a 0d 0d 0d 0d 1a 00 0d 00 00 00 
00 00 00 12 0d 0d 0d 0d 0d 12 12 12 12 00 00 00 00 00 00 00 00 00 00 00 00 0d 0d 0d 0d 12 1d 29 ad ad 5b 5b 68 75 83 81 81 81 81 81 81 81 0d 00 0d 0d 0d 0d 00 0d 1a 27 34 40 5a 40 4d 81 81 81 81 8e a7 8e 90 90 90 90 00 0d 00 00 00 00 00 00 00 0d 0d 0d 00 00 00 00 00 00 0d 0d 0d 0d 00 00 00 00 00 00 
00 00 00 1a 0d 0d 0d 12 12 00 00 0d 0d 1a 00 00 00 00 00 00 00 00 00 00 00 00 00 00 00 0d 1a 27 ad ad 5a 5a 67 74 81 81 81 81 81 81 81 00 00 00 00 00 0d 00 00 0d 0d 0d 1a 27 34 40 4d 5a 67 81 81 8e a7 ed ff 0d 00 00 00 00 00 00 00 00 00 00 00 0d 0d 0d 0d 0d 0d 12 12 12 00 00 00 0d 00 00 00 00 00 00 
00 00 00 1a 0d 00 00 0d 00 00 00 00 0d 1a 27 00 00 00 0d 0d 0d 0d 0d 0d 0d 00 00 00 00 0d 1a 27 34 4d 5a 5a 67 74 81 81 81 81 81 81 81 67 67 67 00 00 00 00 00 0d 1a 27 34 34 34 40 4d 5a 81 81 81 b4 b4 ff ff 00 00 00 00 00 00 00 00 00 00 00 00 0d 0d 0d 0d 0d 12 12 12 12 00 00 00 00 00 00 00 00 00 00 
00 00 00 1a 0d 00 00 0d 0d 00 00 1a 0d 00 00 00 0d 00 0d 0d 0d 0d 0d 0d 0d 0d 0d 0d 0d 12 29 27 34 5b 5a 5a 67 74 81 81 81 81 81 81 81 67 67 67 00 00 00 00 27 27 1a 27 34 40 5a 40 4d 5a 74 81 8e b4 b4 ed 0d 0d 0d 00 00 00 00 00 00 00 00 00 00 68 0d 00 12 12 12 12 0d 0d 0d 00 00 00 00 00 00 00 00 00 
00 00 00 1a 0d 00 00 0d 00 00 00 1a 0d 00 00 00 0d 00 0d 0d 0d 0d 0d 0d 0d 0d 0d 00 00 0d 1a 27 34 5b 5a 5a 67 74 81 81 81 81 81 81 81 67 67 67 00 00 00 00 27 27 1a 27 34 4d 5a 40 4d 5a 74 81 8e b4 b4 1a 0d 0d 0d 00 00 00 00 00 00 00 00 00 00 00 00 00 00 00 00 00 12 0d 0d 00 00 00 00 00 00 00 00 00 
00 00 00 00 00 00 00 00 00 00 00 1a 0d 00 00 00 0d 0d 0d 0d 0d 0d 0d 0d 0d 0d 0d 0d 0d 0d 0d 0d 0d 0d 5a 5a 67 74 12 12 81 81 81 81 81 00 00 00 00 00 00 00 27 0d 1a 27 27 4d 5a 40 4d 4d 74 81 8e b4 1a 1a 0d 0d 0d 00 00 00 00 00 00 00 00 00 00 00 00 00 00 00 00 00 00 00 00 00 0d 0d 00 00 00 00 00 00 
00 00 00 00 00 00 00 00 00 00 27 1a 1a 0d 00 00 12 0d 12 0d 0d 0d 0d 0d 0d 0d 0d 0d 0d 0d 0d 0d 0d 0d 0d 0d 67 67 0d 12 12 12 00 00 00 00 00 00 00 00 00 00 00 00 0d 0d 0d 1a 27 34 34 4d 5a 0d 0d 0d 0d 0d 0d 0d 0d 00 00 00 00 00 00 00 00 00 00 00 00 00 00 00 00 00 00 00 00 00 00 0d 00 00 00 00 00 00 
00 00 00 5a 5a 5a 00 0d 0d 40 27 1a 1a 0d 00 0d 0d 0d 12 12 0d 0d 0d 12 1d 0d 0d 0d 00 68 68 68 68 00 00 00 00 67 67 67 67 12 12 12 12 00 00 00 00 00 9b 00 00 00 00 00 0d 1a 27 0d 1a 8e 0d 0d 0d 0d 0d 0d 0d 0d 0d 00 00 00 00 00 00 00 00 00 00 00 00 00 00 00 00 00 00 00 00 00 1d 1d 1d 0d 0d 00 00 00 
00 00 00 67 5a 5a 00 0d 00 00 1a 1a 75 68 68 4e 29 1a 12 40 4d 5a 81 12 1d 0d 0d 0d 0d 68 68 68 68 00 00 00 00 67 67 67 67 12 12 12 12 12 12 12 12 0d 9b 9b 8e 8e 75 81 8e 9b a7 b4 8e 8e 8e 8e 1a 1a 1a 1a 1a 0d 0d 0d 00 00 00 00 00 00 00 00 00 00 00 00 2e 2e 2e 2e 00 00 12 12 12 0d 0d 1a 1a 00 00 00 
00 00 00 00 00 00 00 0d 00 00 0d 0d 75 75 68 5b 5b 4e 29 1d 12 5a 0d 0d 0d 0d 0d 0d 00 68 68 68 68 00 0d 0d 0d 0d 12 12 12 12 12 12 12 12 12 0d 0d 0d 0d 0d 9b 8e 8e 0d 12 12 12 12 12 12 0d 8e 1a 1a 1a 1a 1a 0d 0d 0d 00 00 00 00 00 0d 00 00 00 12 12 2e 2e 2e 2e 2e 00 00 65 12 12 0d 0d 0d 0d 00 00 00 
00 00 00 00 12 12 0d 0d 0d 0d 0d 0d 0d 12 12 0d 0d 0d 0d 12 12 0d 0d 0d 0d 0d 0d 0d 00 68 68 68 68 00 0d 0d 0d 0d 12 12 12 12 12 12 12 12 0d 0d 0d 0d 0d 0d 0d 0d 0d 0d 0d 0d 0d 0d 00 12 0d 81 81 0d 0d 12 12 12 12 12 12 00 00 00 00 12 00 00 0d 0d 12 2e 2e 2e 2e 2e 00 00 65 12 12 12 0d 0d 0d 00 00 00 
00 00 00 0d 12 0d 0d 0d 0d 0d 0d 0d 0d 12 0d 0d 0d 0d 0d 0d 0d 0d 0d 0d 0d 0d 0d 0d 0d 68 68 68 0d 0d 0d 0d 0d 0d 0d 0d 0d 0d 0d 0d 0d 0d 0d 12 0d 0d 0d 0d 0d 0d 0d 0d 0d 00 00 00 00 0d 0d 0d 0d 0d 0d 0d 0d 0d 0d 0d 0d 0d 0d 0d 0d 0d 00 00 0d 0d 00 00 2e 2e 2e 2e 00 00 65 12 12 12 12 12 4b 00 00 00 
00 00 00 0d 12 0d 0d 0d 0d 0d 0d 0d 0d 0d 0d 0d 0d 0d 0d 0d 0d 0d 00 00 0d 0d 0d 12 00 00 00 00 00 00 00 0d 0d 0d 0d 0d 0d 0d 0d 0d 0d 0d 12 12 00 0d 0d 0d 0d 0d 0d 0d 0d 00 00 00 00 0d 0d 0d 0d 0d 0d 0d 0d 0d 0d 0d 0d 0d 0d 0d 0d 0d 00 00 0d 0d 1d 00 00 2e 2e 2e 00 00 65 12 12 12 12 5d 5d 00 00 00 
00 00 00 0d 12 12 0d 0d 0d 0d 0d 0d 0d 0d 0d 0d 0d 0d 0d 0d 0d 0d 0d 0d 0d 0d 12 12 12 00 00 00 00 00 00 00 0d 0d 0d 0d 0d 0d 0d 0d 0d 0d 12 12 00 0d 0d 0d 0d 0d 0d 0d 0d 00 00 00 00 0d 0d 0d 0d 0d 0d 0d 12 12 0d 0d 0d 0d 0d 0d 0d 0d 00 00 0d 12 12 1d 00 00 1d 12 00 00 a7 5d 4b 5d 5d 5d 6f 00 00 00 
00 00 00 0d 12 12 12 0d 0d 0d 0d 0d 0d 0d 0d 0d 0d 0d 0d 0d 0d 0d 0d 00 00 0d 0d 12 12 12 12 12 0d 00 00 00 0d 0d 0d 0d 0d 0d 0d 0d 0d 0d 0d 0d 12 12 0d 12 12 0d 0d 0d 0d 0d 00 00 00 12 12 12 12 12 12 0d 0d 0d 0d 0d 0d 0d 0d 0d 0d 0d 0d 00 0d 0d 12 12 12 1d 12 12 00 00 81 1d 12 12 8b 5d 6f 00 00 00 
00 00 00 0d 12 12 0d 0d 0d 0d 0d 0d 0d 0d 0d 0d 0d 0d 0d 0d 0d 0d 0d 0d 0d 12 12 12 12 12 12 12 0d 0d 0d 0d 0d 0d 0d 0d 0d 0d 0d 0d 0d 0d 0d 0d 0d 0d 0d 0d 0d 0d 0d 0d 0d 0d 12 00 00 12 12 00 00 00 0d 0d 0d 0d 0d 0d 0d 0d 0d 0d 0d 0d 0d 00 0d 00 00 00 00 00 00 00 00 12 12 12 12 12 12 00 00 00 00 00 
00 00 00 0d 0d 12 0d 0d 0d 0d 0d 0d 0d 0d 0d 0d 0d 0d 0d 0d 0d 0d 0d 0d 4e 12 12 12 12 12 12 0d 0d 0d 0d 0d 0d 0d 0d 0d 0d 0d 0d 0d 0d 0d 0d 0d 0d 0d 0d 0d 0d 0d 0d 0d 0d 0d 12 12 12 12 12 00 00 00 00 00 0d 0d 0d 0d 0d 0d 0d 0d 0d 0d 0d 0d 0d 00 00 00 00 00 00 0d 00 00 00 00 00 00 00 00 00 00 00 00 
00 00 00 0d 0d 12 0d 0d 0d 12 0d 0d 0d 0d 0d 0d 0d 0d 0d 0d 0d 0d 0d 0d 4e 42 35 1d 12 12 12 0d 0d 0d 0d 0d 0d 0d 0d 0d 0d 0d 0d 0d 0d 0d 0d 0d 0d 0d 0d 0d 12 0d 0d 0d 0d 0d 12 12 12 12 12 00 00 00 00 00 0d 0d 0d 0d 0d 0d 0d 0d 0d 0d 0d 0d 0d 0d 00 00 00 00 0d 0d 0d 0d 00 00 00 00 00 00 00 00 00 00 
00 00 00 0d 0d 12 12 12 0d 12 0d 0d 0d 0d 0d 0d 0d 0d 0d 0d 0d 0d 0d 0d 0d 0d 0d 1d 1d 12 12 0d 0d 0d 0d 0d 0d 0d 0d 0d 0d 0d 0d 0d 0d 12 0d 0d 0d 0d 0d 0d 12 12 0d 0d 0d 0d 12 12 12 12 12 00 00 00 00 00 0d 0d 0d 0d 0d 0d 0d 0d 0d 0d 0d 0d 0d 0d 0d 0d 0d 00 0d 0d 0d 0d 0d 00 00 00 00 00 00 00 00 00 
00 00 00 0d 0d 0d 12 12 12 12 12 12 0d 0d 0d 0d 0d 0d 0d 0d 0d 0d 0d 0d 0d 0d 12 12 12 12 12 12 12 12 0d 0d 0d 0d 0d 12 12 12 12 12 12 12 0d 0d 0d 0d 0d 0d 12 12 0d 0d 0d 0d 12 12 12 12 1d 00 00 00 00 00 0d 0d 0d 0d 0d 0d 0d 0d 0d 0d 0d 0d 0d 0d 0d 0d 0d 0d 0d 0d 0d 0d 0d 00 0d 00 00 00 00 00 00 00 
00 00 00 0d 0d 0d 12 12 0d 0d 0d 12 0d 0d 0d 0d 0d 0d 12 12 0d 0d 0d 0d 0d 12 12 1d 0d 12 1d 1d 1d 12 12 12 12 0d 12 12 12 12 12 12 12 12 0d 0d 0d 0d 0d 12 12 12 0d 0d 0d 0d 12 12 12 12 12 00 00 00 00 00 0d 0d 0d 0d 0d 0d 0d 0d 0d 0d 0d 0d 0d 0d 0d 0d 0d 0d 0d 0d 0d 0d 00 00 0d 00 00 00 00 00 00 00 
00 00 00 8e 00 0d 0d 0d 00 00 00 4d 5a 5a 5a 5a 67 74 81 0d 0d 1a 34 40 4d 5a 67 34 40 4d 5a 5a 67 5a 67 67 67 67 74 5a 00 00 00 00 00 27 1a 1a 1a 1a 0d 0d 0d 0d 0d 0d 0d 0d 0d 00 00 00 00 00 00 00 00 00 0d 0d 0d 0d 0d 0d 0d 0d 0d 0d 0d 0d 0d 0d 0d 0d 0d 0d 0d 0d 0d 0d 00 00 0d 00 00 00 00 00 00 00 
00 00 00 00 00 00 00 00 00 00 00 00 00 00 00 00 00 00 00 00 00 00 00 00 00 00 00 00 00 00 00 00 00 00 00 00 00 00 00 00 00 00 00 00 00 00 00 00 00 00 00 00 00 00 00 00 00 00 00 00 00 00 00 00 00 00 00 00 00 00 00 00 00 00 00 00 00 00 00 00 00 00 00 00 00 00 00 00 00 00 00 00 00 00 00 00 00 00 00 00 
00 00 00 00 00 00 00 00 00 00 00 00 00 00 00 00 00 00 00 00 00 00 00 00 00 00 00 00 00 00 00 00 00 00 00 00 00 00 00 00 00 00 00 00 00 00 00 00 00 00 00 00 00 00 00 00 00 00 00 00 00 00 00 00 00 00 00 00 00 00 00 00 00 00 00 00 00 00 00 00 00 00 00 00 00 00 00 00 00 00 00 00 00 00 00 00 00 00 00 00 
00 00 00 00 00 00 00 00 00 00 00 00 00 00 00 00 00 00 00 00 00 00 00 00 00 00 00 00 00 00 00 00 00 00 00 00 00 00 00 00 00 00 00 00 00 00 00 00 00 00 00 00 00 00 00 00 00 00 00 00 00 00 00 00 00 00 00 00 00 00 00 00 00 00 00 00 00 00 00 00 00 00 00 00 00 00 00 00 00 00 00 00 00 00 00 00 00 00 00 00 
